[    5180ms] [INFO] %cDownload the React DevTools for a better development experience: https://react.dev/link/react-devtools font-weight:bold @ webpack-internal:///(app-pages-browser)/./node_modules/next/dist/compiled/react-dom/cjs/react-dom-client.development.js:25630
[    5394ms] [ERROR] WebSocket connection to 'ws://127.0.0.1:3124/_next/webpack-hmr' failed: Error during WebSocket handshake: net::ERR_INVALID_HTTP_RESPONSE @ webpack-internal:///(app-pages-browser)/./node_modules/next/dist/client/dev/hot-reloader/app/use-websocket.js:37
[    6731ms] [WARNING] THREE.Clock: This module has been deprecated. Please use THREE.Timer instead. @ webpack-internal:///(app-pages-browser)/./node_modules/three/build/three.core.js:1969
[  281622ms] [WARNING] [.WebGL-0x3af4010c4400] GL_CONTEXT_LOST_KHR: glDebugMessageCallbackKHR: Context has been lost. @ http://127.0.0.1:3124/:0
[  283279ms] [WARNING] WebGL: CONTEXT_LOST_WEBGL: loseContext: context lost @ http://127.0.0.1:3124/:0
[  283282ms] [LOG] THREE.WebGLRenderer: Context Lost. @ webpack-internal:///(app-pages-browser)/./node_modules/three/build/three.core.js:1927
[  316297ms] [INFO] %cDownload the React DevTools for a better development experience: https://react.dev/link/react-devtools font-weight:bold @ webpack-internal:///(app-pages-browser)/./node_modules/next/dist/compiled/react-dom/cjs/react-dom-client.development.js:25630
[  316514ms] [ERROR] WebSocket connection to 'ws://127.0.0.1:3124/_next/webpack-hmr' failed: Error during WebSocket handshake: net::ERR_INVALID_HTTP_RESPONSE @ webpack-internal:///(app-pages-browser)/./node_modules/next/dist/client/dev/hot-reloader/app/use-websocket.js:37
[  319322ms] [WARNING] THREE.Clock: This module has been deprecated. Please use THREE.Timer instead. @ webpack-internal:///(app-pages-browser)/./node_modules/three/build/three.core.js:1969
[  319338ms] [ERROR] THREE.WebGLRenderer: A WebGL context could not be created. Reason:  Web page caused context loss and was blocked @ webpack-internal:///(app-pages-browser)/./node_modules/next/dist/next-devtools/userspace/app/errors/intercept-console-error.js:56
[  319348ms] [ERROR] THREE.WebGLRenderer: A WebGL context could not be created. Reason:  Web page caused context loss and was blocked @ webpack-internal:///(app-pages-browser)/./node_modules/next/dist/next-devtools/userspace/app/errors/intercept-console-error.js:56
[  319350ms] [ERROR] THREE.WebGLRenderer: THREE.WebGLRenderer: Error creating WebGL context. @ webpack-internal:///(app-pages-browser)/./node_modules/next/dist/next-devtools/userspace/app/errors/intercept-console-error.js:56
[  319363ms] Error: THREE.WebGLRenderer: Error creating WebGL context.
    at new WebGLRenderer (webpack-internal:///(app-pages-browser)/./node_modules/three/build/three.module.js:16844:13)
    at Object.configure (webpack-internal:///(app-pages-browser)/./node_modules/@react-three/fiber/dist/events-b389eeca.esm.js:14687:26)
    at run (webpack-internal:///(app-pages-browser)/./node_modules/@react-three/fiber/dist/react-three-fiber.esm.js:107:28)
    at eval (webpack-internal:///(app-pages-browser)/./node_modules/@react-three/fiber/dist/react-three-fiber.esm.js:154:7)
    at Object.react_stack_bottom_frame (webpack-internal:///(app-pages-browser)/./node_modules/next/dist/compiled/react-dom/cjs/react-dom-client.development.js:23669:20)
    at runWithFiberInDEV (webpack-internal:///(app-pages-browser)/./node_modules/next/dist/compiled/react-dom/cjs/react-dom-client.development.js:872:30)
    at commitHookEffectListMount (webpack-internal:///(app-pages-browser)/./node_modules/next/dist/compiled/react-dom/cjs/react-dom-client.development.js:12345:29)
    at commitHookLayoutEffects (webpack-internal:///(app-pages-browser)/./node_modules/next/dist/compiled/react-dom/cjs/react-dom-client.development.js:12295:11)
    at commitLayoutEffectOnFiber (webpack-internal:///(app-pages-browser)/./node_modules/next/dist/compiled/react-dom/cjs/react-dom-client.development.js:13050:13)
    at recursivelyTraverseLayoutEffects (webpack-internal:///(app-pages-browser)/./node_modules/next/dist/compiled/react-dom/cjs/react-dom-client.development.js:14121:11)
    at commitLayoutEffectOnFiber (webpack-internal:///(app-pages-browser)/./node_modules/next/dist/compiled/react-dom/cjs/react-dom-client.development.js:13255:11)
    at recursivelyTraverseLayoutEffects (webpack-internal:///(app-pages-browser)/./node_modules/next/dist/compiled/react-dom/cjs/react-dom-client.development.js:14121:11)
    at commitLayoutEffectOnFiber (webpack-internal:///(app-pages-browser)/./node_modules/next/dist/compiled/react-dom/cjs/react-dom-client.development.js:13053:11)
    at recursivelyTraverseLayoutEffects (webpack-internal:///(app-pages-browser)/./node_modules/next/dist/compiled/react-dom/cjs/react-dom-client.development.js:14121:11)
    at commitLayoutEffectOnFiber (webpack-internal:///(app-pages-browser)/./node_modules/next/dist/compiled/react-dom/cjs/react-dom-client.development.js:13048:11)
    at recursivelyTraverseLayoutEffects (webpack-internal:///(app-pages-browser)/./node_modules/next/dist/compiled/react-dom/cjs/react-dom-client.development.js:14121:11)
    at commitLayoutEffectOnFiber (webpack-internal:///(app-pages-browser)/./node_modules/next/dist/compiled/react-dom/cjs/react-dom-client.development.js:13048:11)
    at recursivelyTraverseLayoutEffects (webpack-internal:///(app-pages-browser)/./node_modules/next/dist/compiled/react-dom/cjs/react-dom-client.development.js:14121:11)
    at commitLayoutEffectOnFiber (webpack-internal:///(app-pages-browser)/./node_modules/next/dist/compiled/react-dom/cjs/react-dom-client.development.js:13048:11)
    at recursivelyTraverseLayoutEffects (webpack-internal:///(app-pages-browser)/./node_modules/next/dist/compiled/react-dom/cjs/react-dom-client.development.js:14121:11)
    at commitLayoutEffectOnFiber (webpack-internal:///(app-pages-browser)/./node_modules/next/dist/compiled/react-dom/cjs/react-dom-client.development.js:13247:17)
    at recursivelyTraverseLayoutEffects (webpack-internal:///(app-pages-browser)/./node_modules/next/dist/compiled/react-dom/cjs/react-dom-client.development.js:14121:11)
    at commitLayoutEffectOnFiber (webpack-internal:///(app-pages-browser)/./node_modules/next/dist/compiled/react-dom/cjs/react-dom-client.development.js:13216:11)
    at recursivelyTraverseLayoutEffects (webpack-internal:///(app-pages-browser)/./node_modules/next/dist/compiled/react-dom/cjs/react-dom-client.development.js:14121:11)
    at commitLayoutEffectOnFiber (webpack-internal:///(app-pages-browser)/./node_modules/next/dist/compiled/react-dom/cjs/react-dom-client.development.js:13048:11)
    at recursivelyTraverseLayoutEffects (webpack-internal:///(app-pages-browser)/./node_modules/next/dist/compiled/react-dom/cjs/react-dom-client.development.js:14121:11)
    at commitLayoutEffectOnFiber (webpack-internal:///(app-pages-browser)/./node_modules/next/dist/compiled/react-dom/cjs/react-dom-client.development.js:13164:11)
    at recursivelyTraverseLayoutEffects (webpack-internal:///(app-pages-browser)/./node_modules/next/dist/compiled/react-dom/cjs/react-dom-client.development.js:14121:11)
    at commitLayoutEffectOnFiber (webpack-internal:///(app-pages-browser)/./node_modules/next/dist/compiled/react-dom/cjs/react-dom-client.development.js:13164:11)
    at recursivelyTraverseLayoutEffects (webpack-internal:///(app-pages-browser)/./node_modules/next/dist/compiled/react-dom/cjs/react-dom-client.development.js:14121:11)
    at commitLayoutEffectOnFiber (webpack-internal:///(app-pages-browser)/./node_modules/next/dist/compiled/react-dom/cjs/react-dom-client.development.js:13048:11)
    at recursivelyTraverseLayoutEffects (webpack-internal:///(app-pages-browser)/./node_modules/next/dist/compiled/react-dom/cjs/react-dom-client.development.js:14121:11)
    at commitLayoutEffectOnFiber (webpack-internal:///(app-pages-browser)/./node_modules/next/dist/compiled/react-dom/cjs/react-dom-client.development.js:13048:11)
    at recursivelyTraverseLayoutEffects (webpack-internal:///(app-pages-browser)/./node_modules/next/dist/compiled/react-dom/cjs/react-dom-client.development.js:14121:11)
    at commitLayoutEffectOnFiber (webpack-internal:///(app-pages-browser)/./node_modules/next/dist/compiled/react-dom/cjs/react-dom-client.development.js:13048:11)
    at recursivelyTraverseLayoutEffects (webpack-internal:///(app-pages-browser)/./node_modules/next/dist/compiled/react-dom/cjs/react-dom-client.development.js:14121:11)
    at commitLayoutEffectOnFiber (webpack-internal:///(app-pages-browser)/./node_modules/next/dist/compiled/react-dom/cjs/react-dom-client.development.js:13255:11)
    at recursivelyTraverseLayoutEffects (webpack-internal:///(app-pages-browser)/./node_modules/next/dist/compiled/react-dom/cjs/react-dom-client.development.js:14121:11)
    at commitLayoutEffectOnFiber (webpack-internal:///(app-pages-browser)/./node_modules/next/dist/compiled/react-dom/cjs/react-dom-client.development.js:13255:11)
    at recursivelyTraverseLayoutEffects (webpack-internal:///(app-pages-browser)/./node_modules/next/dist/compiled/react-dom/cjs/react-dom-client.development.js:14121:11)
    at commitLayoutEffectOnFiber (webpack-internal:///(app-pages-browser)/./node_modules/next/dist/compiled/react-dom/cjs/react-dom-client.development.js:13048:11)
    at recursivelyTraverseLayoutEffects (webpack-internal:///(app-pages-browser)/./node_modules/next/dist/compiled/react-dom/cjs/react-dom-client.development.js:14121:11)
    at commitLayoutEffectOnFiber (webpack-internal:///(app-pages-browser)/./node_modules/next/dist/compiled/react-dom/cjs/react-dom-client.development.js:13053:11)
    at recursivelyTraverseLayoutEffects (webpack-internal:///(app-pages-browser)/./node_modules/next/dist/compiled/react-dom/cjs/react-dom-client.development.js:14121:11)
    at commitLayoutEffectOnFiber (webpack-internal:///(app-pages-browser)/./node_modules/next/dist/compiled/react-dom/cjs/react-dom-client.development.js:13048:11)
    at recursivelyTraverseLayoutEffects (webpack-internal:///(app-pages-browser)/./node_modules/next/dist/compiled/react-dom/cjs/react-dom-client.development.js:14121:11)
    at commitLayoutEffectOnFiber (webpack-internal:///(app-pages-browser)/./node_modules/next/dist/compiled/react-dom/cjs/react-dom-client.development.js:13053:11)
    at recursivelyTraverseLayoutEffects (webpack-internal:///(app-pages-browser)/./node_modules/next/dist/compiled/react-dom/cjs/react-dom-client.development.js:14121:11)
    at commitLayoutEffectOnFiber (webpack-internal:///(app-pages-browser)/./node_modules/next/dist/compiled/react-dom/cjs/react-dom-client.development.js:13048:11)
    at recursivelyTraverseLayoutEffects (webpack-internal:///(app-pages-browser)/./node_modules/next/dist/compiled/react-dom/cjs/react-dom-client.development.js:14121:11)
[  319371ms] [ERROR] Failed to load resource: the server responded with a status of 403 (Forbidden) @ http://127.0.0.1:3124/__nextjs_original-stack-frames:0
[  319381ms] [ERROR] Failed to load resource: the server responded with a status of 403 (Forbidden) @ http://127.0.0.1:3124/__nextjs_original-stack-frames:0
[  319388ms] [ERROR] Failed to load resource: the server responded with a status of 403 (Forbidden) @ http://127.0.0.1:3124/__nextjs_original-stack-frames:0
[  319389ms] [ERROR] Failed to load resource: the server responded with a status of 403 (Forbidden) @ http://127.0.0.1:3124/__nextjs_original-stack-frames:0
[  353439ms] [INFO] %cDownload the React DevTools for a better development experience: https://react.dev/link/react-devtools font-weight:bold @ webpack-internal:///(app-pages-browser)/./node_modules/next/dist/compiled/react-dom/cjs/react-dom-client.development.js:25630
[  353739ms] [ERROR] WebSocket connection to 'ws://127.0.0.1:3124/_next/webpack-hmr' failed: Error during WebSocket handshake: net::ERR_INVALID_HTTP_RESPONSE @ webpack-internal:///(app-pages-browser)/./node_modules/next/dist/client/dev/hot-reloader/app/use-websocket.js:37
[  354574ms] [WARNING] THREE.Clock: This module has been deprecated. Please use THREE.Timer instead. @ webpack-internal:///(app-pages-browser)/./node_modules/three/build/three.core.js:1969
[  354584ms] [ERROR] THREE.WebGLRenderer: A WebGL context could not be created. Reason:  Web page caused context loss and was blocked @ webpack-internal:///(app-pages-browser)/./node_modules/next/dist/next-devtools/userspace/app/errors/intercept-console-error.js:56
[  354594ms] [ERROR] THREE.WebGLRenderer: A WebGL context could not be created. Reason:  Web page caused context loss and was blocked @ webpack-internal:///(app-pages-browser)/./node_modules/next/dist/next-devtools/userspace/app/errors/intercept-console-error.js:56
[  354596ms] [ERROR] THREE.WebGLRenderer: THREE.WebGLRenderer: Error creating WebGL context. @ webpack-internal:///(app-pages-browser)/./node_modules/next/dist/next-devtools/userspace/app/errors/intercept-console-error.js:56
[  354604ms] Error: THREE.WebGLRenderer: Error creating WebGL context.
    at new WebGLRenderer (webpack-internal:///(app-pages-browser)/./node_modules/three/build/three.module.js:16844:13)
    at Object.configure (webpack-internal:///(app-pages-browser)/./node_modules/@react-three/fiber/dist/events-b389eeca.esm.js:14687:26)
    at run (webpack-internal:///(app-pages-browser)/./node_modules/@react-three/fiber/dist/react-three-fiber.esm.js:107:28)
    at eval (webpack-internal:///(app-pages-browser)/./node_modules/@react-three/fiber/dist/react-three-fiber.esm.js:154:7)
    at Object.react_stack_bottom_frame (webpack-internal:///(app-pages-browser)/./node_modules/next/dist/compiled/react-dom/cjs/react-dom-client.development.js:23669:20)
    at runWithFiberInDEV (webpack-internal:///(app-pages-browser)/./node_modules/next/dist/compiled/react-dom/cjs/react-dom-client.development.js:872:30)
    at commitHookEffectListMount (webpack-internal:///(app-pages-browser)/./node_modules/next/dist/compiled/react-dom/cjs/react-dom-client.development.js:12345:29)
    at commitHookLayoutEffects (webpack-internal:///(app-pages-browser)/./node_modules/next/dist/compiled/react-dom/cjs/react-dom-client.development.js:12295:11)
    at commitLayoutEffectOnFiber (webpack-internal:///(app-pages-browser)/./node_modules/next/dist/compiled/react-dom/cjs/react-dom-client.development.js:13050:13)
    at recursivelyTraverseLayoutEffects (webpack-internal:///(app-pages-browser)/./node_modules/next/dist/compiled/react-dom/cjs/react-dom-client.development.js:14121:11)
    at commitLayoutEffectOnFiber (webpack-internal:///(app-pages-browser)/./node_modules/next/dist/compiled/react-dom/cjs/react-dom-client.development.js:13255:11)
    at recursivelyTraverseLayoutEffects (webpack-internal:///(app-pages-browser)/./node_modules/next/dist/compiled/react-dom/cjs/react-dom-client.development.js:14121:11)
    at commitLayoutEffectOnFiber (webpack-internal:///(app-pages-browser)/./node_modules/next/dist/compiled/react-dom/cjs/react-dom-client.development.js:13053:11)
    at recursivelyTraverseLayoutEffects (webpack-internal:///(app-pages-browser)/./node_modules/next/dist/compiled/react-dom/cjs/react-dom-client.development.js:14121:11)
    at commitLayoutEffectOnFiber (webpack-internal:///(app-pages-browser)/./node_modules/next/dist/compiled/react-dom/cjs/react-dom-client.development.js:13048:11)
    at recursivelyTraverseLayoutEffects (webpack-internal:///(app-pages-browser)/./node_modules/next/dist/compiled/react-dom/cjs/react-dom-client.development.js:14121:11)
    at commitLayoutEffectOnFiber (webpack-internal:///(app-pages-browser)/./node_modules/next/dist/compiled/react-dom/cjs/react-dom-client.development.js:13048:11)
    at recursivelyTraverseLayoutEffects (webpack-internal:///(app-pages-browser)/./node_modules/next/dist/compiled/react-dom/cjs/react-dom-client.development.js:14121:11)
    at commitLayoutEffectOnFiber (webpack-internal:///(app-pages-browser)/./node_modules/next/dist/compiled/react-dom/cjs/react-dom-client.development.js:13048:11)
    at recursivelyTraverseLayoutEffects (webpack-internal:///(app-pages-browser)/./node_modules/next/dist/compiled/react-dom/cjs/react-dom-client.development.js:14121:11)
    at commitLayoutEffectOnFiber (webpack-internal:///(app-pages-browser)/./node_modules/next/dist/compiled/react-dom/cjs/react-dom-client.development.js:13247:17)
    at recursivelyTraverseLayoutEffects (webpack-internal:///(app-pages-browser)/./node_modules/next/dist/compiled/react-dom/cjs/react-dom-client.development.js:14121:11)
    at commitLayoutEffectOnFiber (webpack-internal:///(app-pages-browser)/./node_modules/next/dist/compiled/react-dom/cjs/react-dom-client.development.js:13216:11)
    at recursivelyTraverseLayoutEffects (webpack-internal:///(app-pages-browser)/./node_modules/next/dist/compiled/react-dom/cjs/react-dom-client.development.js:14121:11)
    at commitLayoutEffectOnFiber (webpack-internal:///(app-pages-browser)/./node_modules/next/dist/compiled/react-dom/cjs/react-dom-client.development.js:13048:11)
    at recursivelyTraverseLayoutEffects (webpack-internal:///(app-pages-browser)/./node_modules/next/dist/compiled/react-dom/cjs/react-dom-client.development.js:14121:11)
    at commitLayoutEffectOnFiber (webpack-internal:///(app-pages-browser)/./node_modules/next/dist/compiled/react-dom/cjs/react-dom-client.development.js:13164:11)
    at recursivelyTraverseLayoutEffects (webpack-internal:///(app-pages-browser)/./node_modules/next/dist/compiled/react-dom/cjs/react-dom-client.development.js:14121:11)
    at commitLayoutEffectOnFiber (webpack-internal:///(app-pages-browser)/./node_modules/next/dist/compiled/react-dom/cjs/react-dom-client.development.js:13164:11)
    at recursivelyTraverseLayoutEffects (webpack-internal:///(app-pages-browser)/./node_modules/next/dist/compiled/react-dom/cjs/react-dom-client.development.js:14121:11)
    at commitLayoutEffectOnFiber (webpack-internal:///(app-pages-browser)/./node_modules/next/dist/compiled/react-dom/cjs/react-dom-client.development.js:13048:11)
    at recursivelyTraverseLayoutEffects (webpack-internal:///(app-pages-browser)/./node_modules/next/dist/compiled/react-dom/cjs/react-dom-client.development.js:14121:11)
    at commitLayoutEffectOnFiber (webpack-internal:///(app-pages-browser)/./node_modules/next/dist/compiled/react-dom/cjs/react-dom-client.development.js:13048:11)
    at recursivelyTraverseLayoutEffects (webpack-internal:///(app-pages-browser)/./node_modules/next/dist/compiled/react-dom/cjs/react-dom-client.development.js:14121:11)
    at commitLayoutEffectOnFiber (webpack-internal:///(app-pages-browser)/./node_modules/next/dist/compiled/react-dom/cjs/react-dom-client.development.js:13048:11)
    at recursivelyTraverseLayoutEffects (webpack-internal:///(app-pages-browser)/./node_modules/next/dist/compiled/react-dom/cjs/react-dom-client.development.js:14121:11)
    at commitLayoutEffectOnFiber (webpack-internal:///(app-pages-browser)/./node_modules/next/dist/compiled/react-dom/cjs/react-dom-client.development.js:13255:11)
    at recursivelyTraverseLayoutEffects (webpack-internal:///(app-pages-browser)/./node_modules/next/dist/compiled/react-dom/cjs/react-dom-client.development.js:14121:11)
    at commitLayoutEffectOnFiber (webpack-internal:///(app-pages-browser)/./node_modules/next/dist/compiled/react-dom/cjs/react-dom-client.development.js:13255:11)
    at recursivelyTraverseLayoutEffects (webpack-internal:///(app-pages-browser)/./node_modules/next/dist/compiled/react-dom/cjs/react-dom-client.development.js:14121:11)
    at commitLayoutEffectOnFiber (webpack-internal:///(app-pages-browser)/./node_modules/next/dist/compiled/react-dom/cjs/react-dom-client.development.js:13048:11)
    at recursivelyTraverseLayoutEffects (webpack-internal:///(app-pages-browser)/./node_modules/next/dist/compiled/react-dom/cjs/react-dom-client.development.js:14121:11)
    at commitLayoutEffectOnFiber (webpack-internal:///(app-pages-browser)/./node_modules/next/dist/compiled/react-dom/cjs/react-dom-client.development.js:13053:11)
    at recursivelyTraverseLayoutEffects (webpack-internal:///(app-pages-browser)/./node_modules/next/dist/compiled/react-dom/cjs/react-dom-client.development.js:14121:11)
    at commitLayoutEffectOnFiber (webpack-internal:///(app-pages-browser)/./node_modules/next/dist/compiled/react-dom/cjs/react-dom-client.development.js:13048:11)
    at recursivelyTraverseLayoutEffects (webpack-internal:///(app-pages-browser)/./node_modules/next/dist/compiled/react-dom/cjs/react-dom-client.development.js:14121:11)
    at commitLayoutEffectOnFiber (webpack-internal:///(app-pages-browser)/./node_modules/next/dist/compiled/react-dom/cjs/react-dom-client.development.js:13053:11)
    at recursivelyTraverseLayoutEffects (webpack-internal:///(app-pages-browser)/./node_modules/next/dist/compiled/react-dom/cjs/react-dom-client.development.js:14121:11)
    at commitLayoutEffectOnFiber (webpack-internal:///(app-pages-browser)/./node_modules/next/dist/compiled/react-dom/cjs/react-dom-client.development.js:13048:11)
    at recursivelyTraverseLayoutEffects (webpack-internal:///(app-pages-browser)/./node_modules/next/dist/compiled/react-dom/cjs/react-dom-client.development.js:14121:11)
[  354613ms] [ERROR] Failed to load resource: the server responded with a status of 403 (Forbidden) @ http://127.0.0.1:3124/__nextjs_original-stack-frames:0
[  354625ms] [ERROR] Failed to load resource: the server responded with a status of 403 (Forbidden) @ http://127.0.0.1:3124/__nextjs_original-stack-frames:0
[  354629ms] [ERROR] Failed to load resource: the server responded with a status of 403 (Forbidden) @ http://127.0.0.1:3124/__nextjs_original-stack-frames:0
[  354641ms] [ERROR] Failed to load resource: the server responded with a status of 403 (Forbidden) @ http://127.0.0.1:3124/__nextjs_original-stack-frames:0
[  486922ms] [INFO] %cDownload the React DevTools for a better development experience: https://react.dev/link/react-devtools font-weight:bold @ webpack-internal:///(app-pages-browser)/./node_modules/next/dist/compiled/react-dom/cjs/react-dom-client.development.js:25630
[  487145ms] [ERROR] WebSocket connection to 'ws://127.0.0.1:3124/_next/webpack-hmr' failed: Error during WebSocket handshake: net::ERR_INVALID_HTTP_RESPONSE @ webpack-internal:///(app-pages-browser)/./node_modules/next/dist/client/dev/hot-reloader/app/use-websocket.js:37
[  488019ms] [WARNING] THREE.Clock: This module has been deprecated. Please use THREE.Timer instead. @ webpack-internal:///(app-pages-browser)/./node_modules/three/build/three.core.js:1969
[  532280ms] [INFO] %cDownload the React DevTools for a better development experience: https://react.dev/link/react-devtools font-weight:bold @ webpack-internal:///(app-pages-browser)/./node_modules/next/dist/compiled/react-dom/cjs/react-dom-client.development.js:25630
[  532527ms] [ERROR] WebSocket connection to 'ws://127.0.0.1:3124/_next/webpack-hmr' failed: Error during WebSocket handshake: net::ERR_INVALID_HTTP_RESPONSE @ webpack-internal:///(app-pages-browser)/./node_modules/next/dist/client/dev/hot-reloader/app/use-websocket.js:37
[  533452ms] [WARNING] THREE.Clock: This module has been deprecated. Please use THREE.Timer instead. @ webpack-internal:///(app-pages-browser)/./node_modules/three/build/three.core.js:1969
[  545706ms] [INFO] %cDownload the React DevTools for a better development experience: https://react.dev/link/react-devtools font-weight:bold @ webpack-internal:///(app-pages-browser)/./node_modules/next/dist/compiled/react-dom/cjs/react-dom-client.development.js:25630
[  545971ms] [ERROR] WebSocket connection to 'ws://127.0.0.1:3124/_next/webpack-hmr' failed: Error during WebSocket handshake: net::ERR_INVALID_HTTP_RESPONSE @ webpack-internal:///(app-pages-browser)/./node_modules/next/dist/client/dev/hot-reloader/app/use-websocket.js:37
[  546847ms] [WARNING] THREE.Clock: This module has been deprecated. Please use THREE.Timer instead. @ webpack-internal:///(app-pages-browser)/./node_modules/three/build/three.core.js:1969
[  630477ms] [INFO] %cDownload the React DevTools for a better development experience: https://react.dev/link/react-devtools font-weight:bold @ webpack-internal:///(app-pages-browser)/./node_modules/next/dist/compiled/react-dom/cjs/react-dom-client.development.js:25630
[  630739ms] [ERROR] WebSocket connection to 'ws://127.0.0.1:3124/_next/webpack-hmr' failed: Error during WebSocket handshake: net::ERR_INVALID_HTTP_RESPONSE @ webpack-internal:///(app-pages-browser)/./node_modules/next/dist/client/dev/hot-reloader/app/use-websocket.js:37
[  631811ms] [WARNING] THREE.Clock: This module has been deprecated. Please use THREE.Timer instead. @ webpack-internal:///(app-pages-browser)/./node_modules/three/build/three.core.js:1969
[  655772ms] [INFO] %cDownload the React DevTools for a better development experience: https://react.dev/link/react-devtools font-weight:bold @ webpack-internal:///(app-pages-browser)/./node_modules/next/dist/compiled/react-dom/cjs/react-dom-client.development.js:25630
[  656085ms] [ERROR] WebSocket connection to 'ws://127.0.0.1:3124/_next/webpack-hmr' failed: Error during WebSocket handshake: net::ERR_INVALID_HTTP_RESPONSE @ webpack-internal:///(app-pages-browser)/./node_modules/next/dist/client/dev/hot-reloader/app/use-websocket.js:37
[  656882ms] [WARNING] THREE.Clock: This module has been deprecated. Please use THREE.Timer instead. @ webpack-internal:///(app-pages-browser)/./node_modules/three/build/three.core.js:1969
[  775033ms] [INFO] %cDownload the React DevTools for a better development experience: https://react.dev/link/react-devtools font-weight:bold @ webpack-internal:///(app-pages-browser)/./node_modules/next/dist/compiled/react-dom/cjs/react-dom-client.development.js:25630
[  775286ms] [ERROR] WebSocket connection to 'ws://127.0.0.1:3124/_next/webpack-hmr' failed: Error during WebSocket handshake: net::ERR_INVALID_HTTP_RESPONSE @ webpack-internal:///(app-pages-browser)/./node_modules/next/dist/client/dev/hot-reloader/app/use-websocket.js:37
[  777571ms] [WARNING] THREE.Clock: This module has been deprecated. Please use THREE.Timer instead. @ webpack-internal:///(app-pages-browser)/./node_modules/three/build/three.core.js:1969
[  841085ms] [INFO] %cDownload the React DevTools for a better development experience: https://react.dev/link/react-devtools font-weight:bold @ webpack-internal:///(app-pages-browser)/./node_modules/next/dist/compiled/react-dom/cjs/react-dom-client.development.js:25630
[  841297ms] [ERROR] WebSocket connection to 'ws://127.0.0.1:3124/_next/webpack-hmr' failed: Error during WebSocket handshake: net::ERR_INVALID_HTTP_RESPONSE @ webpack-internal:///(app-pages-browser)/./node_modules/next/dist/client/dev/hot-reloader/app/use-websocket.js:37
[  842305ms] [WARNING] THREE.Clock: This module has been deprecated. Please use THREE.Timer instead. @ webpack-internal:///(app-pages-browser)/./node_modules/three/build/three.core.js:1969
[  865798ms] [INFO] %cDownload the React DevTools for a better development experience: https://react.dev/link/react-devtools font-weight:bold @ webpack-internal:///(app-pages-browser)/./node_modules/next/dist/compiled/react-dom/cjs/react-dom-client.development.js:25630
[  866043ms] [ERROR] WebSocket connection to 'ws://127.0.0.1:3124/_next/webpack-hmr' failed: Error during WebSocket handshake: net::ERR_INVALID_HTTP_RESPONSE @ webpack-internal:///(app-pages-browser)/./node_modules/next/dist/client/dev/hot-reloader/app/use-websocket.js:37
[  867002ms] [WARNING] THREE.Clock: This module has been deprecated. Please use THREE.Timer instead. @ webpack-internal:///(app-pages-browser)/./node_modules/three/build/three.core.js:1969
[  886129ms] [INFO] %cDownload the React DevTools for a better development experience: https://react.dev/link/react-devtools font-weight:bold @ webpack-internal:///(app-pages-browser)/./node_modules/next/dist/compiled/react-dom/cjs/react-dom-client.development.js:25630
[  886350ms] [ERROR] WebSocket connection to 'ws://127.0.0.1:3124/_next/webpack-hmr' failed: Error during WebSocket handshake: net::ERR_INVALID_HTTP_RESPONSE @ webpack-internal:///(app-pages-browser)/./node_modules/next/dist/client/dev/hot-reloader/app/use-websocket.js:37
[  887212ms] [WARNING] THREE.Clock: This module has been deprecated. Please use THREE.Timer instead. @ webpack-internal:///(app-pages-browser)/./node_modules/three/build/three.core.js:1969
[  905835ms] [INFO] %cDownload the React DevTools for a better development experience: https://react.dev/link/react-devtools font-weight:bold @ webpack-internal:///(app-pages-browser)/./node_modules/next/dist/compiled/react-dom/cjs/react-dom-client.development.js:25630
[  906064ms] [ERROR] WebSocket connection to 'ws://127.0.0.1:3124/_next/webpack-hmr' failed: Error during WebSocket handshake: net::ERR_INVALID_HTTP_RESPONSE @ webpack-internal:///(app-pages-browser)/./node_modules/next/dist/client/dev/hot-reloader/app/use-websocket.js:37
[  907792ms] [WARNING] THREE.Clock: This module has been deprecated. Please use THREE.Timer instead. @ webpack-internal:///(app-pages-browser)/./node_modules/three/build/three.core.js:1969
[  976182ms] [INFO] %cDownload the React DevTools for a better development experience: https://react.dev/link/react-devtools font-weight:bold @ webpack-internal:///(app-pages-browser)/./node_modules/next/dist/compiled/react-dom/cjs/react-dom-client.development.js:25630
[  976415ms] [ERROR] WebSocket connection to 'ws://127.0.0.1:3124/_next/webpack-hmr' failed: Error during WebSocket handshake: net::ERR_INVALID_HTTP_RESPONSE @ webpack-internal:///(app-pages-browser)/./node_modules/next/dist/client/dev/hot-reloader/app/use-websocket.js:37
[  977302ms] [WARNING] THREE.Clock: This module has been deprecated. Please use THREE.Timer instead. @ webpack-internal:///(app-pages-browser)/./node_modules/three/build/three.core.js:1969
